<testsuites name="results">
  <testsuite name="all" package="all">
    <property name="random_seed" value="1747388203" />
    <testcase name="dut_test" classname="dut_test" file="/root/interfaces-kethavath-sanju/tests/dut_test.py" lineno="165" time="7.548213481903076" sim_time_ns="420385.001" ratio_time="55693.311007681164" />
  </testsuite>
</testsuites>
